exports[`test Map container renders correctly 1`] = `
<Segment>
  <LeafletMap
    issLat=""
    issLon="" />
</Segment>
`;
